// Jest Snapshot v1, https://goo.gl/fbAQLP

exports[`Button renders correctly with given props 1`] = `
<div>
  <button
    class="sc-bRKDuR kQIrHC button accept"
    data-testid="test-button"
  >
    accept
  </button>
</div>
`;
